// Jest Snapshot v1, https://goo.gl/fbAQLP

exports[`SummaryPage UI renders the summary UI and matches the snapshot 1`] = `
<div>
  <div
    class="flex flex-col min-h-screen bg-white max-w-md mx-auto items-center justify-center gap-4"
  >
    <p
      class="text-gray-600"
    >
      No donation items found.
    </p>
    <button
      class="inline-flex items-center justify-center rounded-full font-semibold transition-colors focus:outline-none focus-visible:outline-2 focus-visible:outline-offset-2 focus-visible:outline-interactive cursor-pointer gap-2.5 shrink-0 disabled:bg-inactive disabled:text-tertiary disabled:cursor-not-allowed bg-positive hover:bg-positive/90 px-6 py-3 text-bodyLg"
    >
      Start New Donation
    </button>
  </div>
</div>
`;
